// Jest Snapshot v1, https://goo.gl/fbAQLP

exports[`FindPatientScreen snapShot 1`] = `
<View>
  <View
    accessibilityIgnoresInvertColors={true}
    style={
      Object {
        "height": 850,
      }
    }
  >
    <Image
      source={1}
      style={
        Array [
          Object {
            "bottom": 0,
            "left": 0,
            "position": "absolute",
            "right": 0,
            "top": 0,
          },
          Object {
            "height": 850,
            "width": undefined,
          },
          undefined,
        ]
      }
    />
    <Text
      style={
        Object {
          "color": "#414142",
          "fontSize": 31,
          "marginLeft": 10,
          "marginTop": 10,
        }
      }
    >
      FIND A PATIENT:
    </Text>
    <View
      style={
        Object {
          "backgroundColor": "#D4DF38",
          "borderRadius": 10,
          "borderWidth": 0.9,
          "flexDirection": "row",
          "height": 46,
          "marginBottom": 2,
          "marginLeft": 10,
          "marginTop": 20,
          "width": 320,
        }
      }
    >
      <TextInput
        onChangeText={[Function]}
        placeholder="Enter Patient Name"
        style={
          Object {
            "color": "#414142",
            "paddingLeft": 14,
            "width": 280,
          }
        }
        value=""
      />
      <View
        style={
          Object {
            "paddingLeft": 0,
            "paddingTop": 10,
          }
        }
      >
        <Text />
      </View>
    </View>
    <RCTScrollView
      data={Array []}
      getItem={[Function]}
      getItemCount={[Function]}
      keyExtractor={[Function]}
      onContentSizeChange={[Function]}
      onLayout={[Function]}
      onMomentumScrollBegin={[Function]}
      onMomentumScrollEnd={[Function]}
      onScroll={[Function]}
      onScrollBeginDrag={[Function]}
      onScrollEndDrag={[Function]}
      removeClippedSubviews={false}
      renderItem={[Function]}
      scrollEventThrottle={50}
      stickyHeaderIndices={Array []}
      viewabilityConfigCallbackPairs={Array []}
    >
      <View />
    </RCTScrollView>
    <View
      style={
        Object {
          "marginTop": 110,
        }
      }
    />
  </View>
</View>
`;
